// Jest Snapshot v1, https://goo.gl/fbAQLP

exports[`renders as expected 1`] = `
<h1
  className="App"
>
  Hello World
</h1>
`;

exports[`works as expected 1`] = `
<App>
  <Home
    quote="Test"
  >
    <h1
      className="App"
    >
      Test
    </h1>
  </Home>
</App>
`;
